<!DOCTYPE html>
<html lang="en">

<head>
    <meta charset="UTF-8">
    <meta http-equiv="X-UA-Compatible" content="IE=edge">
    <meta name="viewport" content="width=device-width, initial-scale=1.0">
    <title>Golden</title>
    <link rel="stylesheet" href="css/style.css ">
    <script src="https://kit.fontawesome.com/021fb5a4e7.js" crossorigin="anonymous"></script>
</head>

<body>
    <!-- header -->
    <section class="header">
        <div class="wrapper">
            <nav id="navigation">
                <ul>
                    <li>
                        <h3>Golden
                    </li>
                    </h3>
                    <li><a href="#">Home</a></li>
                    <li><a href="#">Dienstleistungen</a></li>
                    <li><a href="#">Portfolio</a></li>
                    <li><a href="#">Über uns</a></li>
                    <li><a href="#">Team</a></li>
                    <li><a href="#">Kontakt</a></li>
                </ul>
            </nav>

            <div class="desc">
                <h2>Herzlich Willkommen!</h2>
                <h1>Wir entwickeln Webseiten</h1>
                <ul>
                    <li><a href="#">Weitere Informationen</a></li>
                </ul>
            </div>
        </div>
    </section>

    <!-- Dienstleistungen -->
    <section class="services">
        <div class="services_header">
            <h3>Dienstleistungen</h3>
            <p>Wir bieten tolle Dienstleistungen an.</p>
        </div>

        <div class="services_col">
            <i class="fa-solid fa-basket-shopping"></i>
            <h3>E-Commerce</h3>
            <p>Wir entwickeln schicke Online-Shops, die Ihre Produkte gut verkaufen. So erzielen Sie top Umsätze.</p>

            <i class="fa-solid fa-laptop-code"></i>
            <h3>Responsive Web</h3>
            <p>Unsere Webseiten sehen überall gut aus. Egal ob auf dem Tablet, Desktop oder Handy.</p>

            <i class="fa-solid fa-lock"></i>
            <h3>Sicherheit</h3>
            <p>Auf Sicherheit legen wir viel Wert. So sind Ihre Daten und Ihre Kunden gut geschützt.</p>
        </div>
    </section>

    <!-- Referenzen -->
    <section class="recommendation">
        <div class="recommendation_header">
            <h3>Unsere Referenzen</h3>
            <p>Diese Referenzen sprechen wir uns.</p>
        </div>

        <div class="recommendation_col">
            <div class="image_background">
                <img src="images/placeholders/portfolio/adventure-daylight-girl-1462014.jpg" alt="Bild">
                <h3>Webseiten-Projekt</h3>
                <p>Bei einem Großkunden</p>
            </div>
            <div class="image_background">
                <img src="images/placeholders/portfolio/aerial-view-color-daylight-1125278.jpg" alt="Bild">
                <h3>Webseiten-Projekt</h3>
                <p>Bei einem Großkunden</p>
            </div> 
            <div class="image_background">
                <img src="images/placeholders/portfolio/architecture-basilica-buildings-326709.jpg" alt="Bild">
                <h3>Webseiten-Projekt</h3>
                <p>Bei einem Großkunden</p>
            </div>
            <div class="image_background">
                <img src="images/placeholders/portfolio/architecture-building-buildings-264706.jpg" alt="Bild">
                <h3>Webseiten-Projekt</h3>
                <p>Bei einem Großkunden</p>
            </div>
            <div class="image_background">
                <img src="images/placeholders/portfolio/ballpen-blur-bokeh-834897.jpg" alt="Bild">
                <h3>Webseiten-Projekt</h3>
                <p>Bei einem Großkunden</p>
            </div>
            <div class="image_background">
                <img src="images/placeholders/portfolio/breakfast-citrus-close-up-1435740.jpg" alt="Bild">
                <h3>Webseiten-Projekt</h3>
                <p>Bei einem Großkunden</p>
            </div>   
        </div>
    </section>

</body>

</html>